// Jest Snapshot v1, https://goo.gl/fbAQLP

exports[`ConferenceDetails should render and display the title and date 1`] = `
<section
  className="root"
>
  <h2
    className="details"
  >
     
    Fake Conf Title XX/XX/XXXX
     
  </h2>
</section>
`;
